10:51:02 **** Build of configuration Debug for project mpu6050 ****
make -j20 all 
arm-none-eabi-gcc "../Drivers/STM32F4xx_HAL_Driver/Src/stm32f4xx_hal.c" -mcpu=cortex-m4 -std=gnu11 -g3 -DDEBUG -DUSE_HAL_DRIVER -DSTM32F446xx -c -I../Core/Inc -I../Drivers/STM32F4xx_HAL_Driver/Inc -I../Drivers/STM32F4xx_HAL_Driver/Inc/Legacy -I../Drivers/CMSIS/Device/ST/STM32F4xx/Include -I../Drivers/CMSIS/Include -O0 -ffunction-sections -fdata-sections -Wall -fstack-usage -fcyclomatic-complexity -MMD -MP -MF"Drivers/STM32F4xx_HAL_Driver/Src/stm32f4xx_hal.d" -MT"Drivers/STM32F4xx_HAL_Driver/Src/stm32f4xx_hal.o" --specs=nano.specs -mfpu=fpv4-sp-d16 -mfloat-abi=hard -mthumb -o "Drivers/STM32F4xx_HAL_Driver/Src/stm32f4xx_hal.o"
arm-none-eabi-gcc "../Drivers/STM32F4xx_HAL_Driver/Src/stm32f4xx_hal_cortex.c" -mcpu=cortex-m4 -std=gnu11 -g3 -DDEBUG -DUSE_HAL_DRIVER -DSTM32F446xx -c -I../Core/Inc -I../Drivers/STM32F4xx_HAL_Driver/Inc -I../Drivers/STM32F4xx_HAL_Driver/Inc/Legacy -I../Drivers/CMSIS/Device/ST/STM32F4xx/Include -I../Drivers/CMSIS/Include -O0 -ffunction-sections -fdata-sections -Wall -fstack-usage -fcyclomatic-complexity -MMD -MP -MF"Drivers/STM32F4xx_HAL_Driver/Src/stm32f4xx_hal_cortex.d" -MT"Drivers/STM32F4xx_HAL_Driver/Src/stm32f4xx_hal_cortex.o" --specs=nano.specs -mfpu=fpv4-sp-d16 -mfloat-abi=hard -mthumb -o "Drivers/STM32F4xx_HAL_Driver/Src/stm32f4xx_hal_cortex.o"
arm-none-eabi-gcc "../Drivers/STM32F4xx_HAL_Driver/Src/stm32f4xx_hal_dma.c" -mcpu=cortex-m4 -std=gnu11 -g3 -DDEBUG -DUSE_HAL_DRIVER -DSTM32F446xx -c -I../Core/Inc -I../Drivers/STM32F4xx_HAL_Driver/Inc -I../Drivers/STM32F4xx_HAL_Driver/Inc/Legacy -I../Drivers/CMSIS/Device/ST/STM32F4xx/Include -I../Drivers/CMSIS/Include -O0 -ffunction-sections -fdata-sections -Wall -fstack-usage -fcyclomatic-complexity -MMD -MP -MF"Drivers/STM32F4xx_HAL_Driver/Src/stm32f4xx_hal_dma.d" -MT"Drivers/STM32F4xx_HAL_Driver/Src/stm32f4xx_hal_dma.o" --specs=nano.specs -mfpu=fpv4-sp-d16 -mfloat-abi=hard -mthumb -o "Drivers/STM32F4xx_HAL_Driver/Src/stm32f4xx_hal_dma.o"
arm-none-eabi-gcc "../Drivers/STM32F4xx_HAL_Driver/Src/stm32f4xx_hal_dma_ex.c" -mcpu=cortex-m4 -std=gnu11 -g3 -DDEBUG -DUSE_HAL_DRIVER -DSTM32F446xx -c -I../Core/Inc -I../Drivers/STM32F4xx_HAL_Driver/Inc -I../Drivers/STM32F4xx_HAL_Driver/Inc/Legacy -I../Drivers/CMSIS/Device/ST/STM32F4xx/Include -I../Drivers/CMSIS/Include -O0 -ffunction-sections -fdata-sections -Wall -fstack-usage -fcyclomatic-complexity -MMD -MP -MF"Drivers/STM32F4xx_HAL_Driver/Src/stm32f4xx_hal_dma_ex.d" -MT"Drivers/STM32F4xx_HAL_Driver/Src/stm32f4xx_hal_dma_ex.o" --specs=nano.specs -mfpu=fpv4-sp-d16 -mfloat-abi=hard -mthumb -o "Drivers/STM32F4xx_HAL_Driver/Src/stm32f4xx_hal_dma_ex.o"
arm-none-eabi-gcc "../Drivers/STM32F4xx_HAL_Driver/Src/stm32f4xx_hal_exti.c" -mcpu=cortex-m4 -std=gnu11 -g3 -DDEBUG -DUSE_HAL_DRIVER -DSTM32F446xx -c -I../Core/Inc -I../Drivers/STM32F4xx_HAL_Driver/Inc -I../Drivers/STM32F4xx_HAL_Driver/Inc/Legacy -I../Drivers/CMSIS/Device/ST/STM32F4xx/Include -I../Drivers/CMSIS/Include -O0 -ffunction-sections -fdata-sections -Wall -fstack-usage -fcyclomatic-complexity -MMD -MP -MF"Drivers/STM32F4xx_HAL_Driver/Src/stm32f4xx_hal_exti.d" -MT"Drivers/STM32F4xx_HAL_Driver/Src/stm32f4xx_hal_exti.o" --specs=nano.specs -mfpu=fpv4-sp-d16 -mfloat-abi=hard -mthumb -o "Drivers/STM32F4xx_HAL_Driver/Src/stm32f4xx_hal_exti.o"
arm-none-eabi-gcc "../Drivers/STM32F4xx_HAL_Driver/Src/stm32f4xx_hal_flash.c" -mcpu=cortex-m4 -std=gnu11 -g3 -DDEBUG -DUSE_HAL_DRIVER -DSTM32F446xx -c -I../Core/Inc -I../Drivers/STM32F4xx_HAL_Driver/Inc -I../Drivers/STM32F4xx_HAL_Driver/Inc/Legacy -I../Drivers/CMSIS/Device/ST/STM32F4xx/Include -I../Drivers/CMSIS/Include -O0 -ffunction-sections -fdata-sections -Wall -fstack-usage -fcyclomatic-complexity -MMD -MP -MF"Drivers/STM32F4xx_HAL_Driver/Src/stm32f4xx_hal_flash.d" -MT"Drivers/STM32F4xx_HAL_Driver/Src/stm32f4xx_hal_flash.o" --specs=nano.specs -mfpu=fpv4-sp-d16 -mfloat-abi=hard -mthumb -o "Drivers/STM32F4xx_HAL_Driver/Src/stm32f4xx_hal_flash.o"
arm-none-eabi-gcc "../Drivers/STM32F4xx_HAL_Driver/Src/stm32f4xx_hal_flash_ex.c" -mcpu=cortex-m4 -std=gnu11 -g3 -DDEBUG -DUSE_HAL_DRIVER -DSTM32F446xx -c -I../Core/Inc -I../Drivers/STM32F4xx_HAL_Driver/Inc -I../Drivers/STM32F4xx_HAL_Driver/Inc/Legacy -I../Drivers/CMSIS/Device/ST/STM32F4xx/Include -I../Drivers/CMSIS/Include -O0 -ffunction-sections -fdata-sections -Wall -fstack-usage -fcyclomatic-complexity -MMD -MP -MF"Drivers/STM32F4xx_HAL_Driver/Src/stm32f4xx_hal_flash_ex.d" -MT"Drivers/STM32F4xx_HAL_Driver/Src/stm32f4xx_hal_flash_ex.o" --specs=nano.specs -mfpu=fpv4-sp-d16 -mfloat-abi=hard -mthumb -o "Drivers/STM32F4xx_HAL_Driver/Src/stm32f4xx_hal_flash_ex.o"
arm-none-eabi-gcc "../Drivers/STM32F4xx_HAL_Driver/Src/stm32f4xx_hal_flash_ramfunc.c" -mcpu=cortex-m4 -std=gnu11 -g3 -DDEBUG -DUSE_HAL_DRIVER -DSTM32F446xx -c -I../Core/Inc -I../Drivers/STM32F4xx_HAL_Driver/Inc -I../Drivers/STM32F4xx_HAL_Driver/Inc/Legacy -I../Drivers/CMSIS/Device/ST/STM32F4xx/Include -I../Drivers/CMSIS/Include -O0 -ffunction-sections -fdata-sections -Wall -fstack-usage -fcyclomatic-complexity -MMD -MP -MF"Drivers/STM32F4xx_HAL_Driver/Src/stm32f4xx_hal_flash_ramfunc.d" -MT"Drivers/STM32F4xx_HAL_Driver/Src/stm32f4xx_hal_flash_ramfunc.o" --specs=nano.specs -mfpu=fpv4-sp-d16 -mfloat-abi=hard -mthumb -o "Drivers/STM32F4xx_HAL_Driver/Src/stm32f4xx_hal_flash_ramfunc.o"
arm-none-eabi-gcc "../Drivers/STM32F4xx_HAL_Driver/Src/stm32f4xx_hal_gpio.c" -mcpu=cortex-m4 -std=gnu11 -g3 -DDEBUG -DUSE_HAL_DRIVER -DSTM32F446xx -c -I../Core/Inc -I../Drivers/STM32F4xx_HAL_Driver/Inc -I../Drivers/STM32F4xx_HAL_Driver/Inc/Legacy -I../Drivers/CMSIS/Device/ST/STM32F4xx/Include -I../Drivers/CMSIS/Include -O0 -ffunction-sections -fdata-sections -Wall -fstack-usage -fcyclomatic-complexity -MMD -MP -MF"Drivers/STM32F4xx_HAL_Driver/Src/stm32f4xx_hal_gpio.d" -MT"Drivers/STM32F4xx_HAL_Driver/Src/stm32f4xx_hal_gpio.o" --specs=nano.specs -mfpu=fpv4-sp-d16 -mfloat-abi=hard -mthumb -o "Drivers/STM32F4xx_HAL_Driver/Src/stm32f4xx_hal_gpio.o"
arm-none-eabi-gcc "../Drivers/STM32F4xx_HAL_Driver/Src/stm32f4xx_hal_i2c.c" -mcpu=cortex-m4 -std=gnu11 -g3 -DDEBUG -DUSE_HAL_DRIVER -DSTM32F446xx -c -I../Core/Inc -I../Drivers/STM32F4xx_HAL_Driver/Inc -I../Drivers/STM32F4xx_HAL_Driver/Inc/Legacy -I../Drivers/CMSIS/Device/ST/STM32F4xx/Include -I../Drivers/CMSIS/Include -O0 -ffunction-sections -fdata-sections -Wall -fstack-usage -fcyclomatic-complexity -MMD -MP -MF"Drivers/STM32F4xx_HAL_Driver/Src/stm32f4xx_hal_i2c.d" -MT"Drivers/STM32F4xx_HAL_Driver/Src/stm32f4xx_hal_i2c.o" --specs=nano.specs -mfpu=fpv4-sp-d16 -mfloat-abi=hard -mthumb -o "Drivers/STM32F4xx_HAL_Driver/Src/stm32f4xx_hal_i2c.o"
arm-none-eabi-gcc "../Drivers/STM32F4xx_HAL_Driver/Src/stm32f4xx_hal_i2c_ex.c" -mcpu=cortex-m4 -std=gnu11 -g3 -DDEBUG -DUSE_HAL_DRIVER -DSTM32F446xx -c -I../Core/Inc -I../Drivers/STM32F4xx_HAL_Driver/Inc -I../Drivers/STM32F4xx_HAL_Driver/Inc/Legacy -I../Drivers/CMSIS/Device/ST/STM32F4xx/Include -I../Drivers/CMSIS/Include -O0 -ffunction-sections -fdata-sections -Wall -fstack-usage -fcyclomatic-complexity -MMD -MP -MF"Drivers/STM32F4xx_HAL_Driver/Src/stm32f4xx_hal_i2c_ex.d" -MT"Drivers/STM32F4xx_HAL_Driver/Src/stm32f4xx_hal_i2c_ex.o" --specs=nano.specs -mfpu=fpv4-sp-d16 -mfloat-abi=hard -mthumb -o "Drivers/STM32F4xx_HAL_Driver/Src/stm32f4xx_hal_i2c_ex.o"
arm-none-eabi-gcc "../Drivers/STM32F4xx_HAL_Driver/Src/stm32f4xx_hal_pwr.c" -mcpu=cortex-m4 -std=gnu11 -g3 -DDEBUG -DUSE_HAL_DRIVER -DSTM32F446xx -c -I../Core/Inc -I../Drivers/STM32F4xx_HAL_Driver/Inc -I../Drivers/STM32F4xx_HAL_Driver/Inc/Legacy -I../Drivers/CMSIS/Device/ST/STM32F4xx/Include -I../Drivers/CMSIS/Include -O0 -ffunction-sections -fdata-sections -Wall -fstack-usage -fcyclomatic-complexity -MMD -MP -MF"Drivers/STM32F4xx_HAL_Driver/Src/stm32f4xx_hal_pwr.d" -MT"Drivers/STM32F4xx_HAL_Driver/Src/stm32f4xx_hal_pwr.o" --specs=nano.specs -mfpu=fpv4-sp-d16 -mfloat-abi=hard -mthumb -o "Drivers/STM32F4xx_HAL_Driver/Src/stm32f4xx_hal_pwr.o"
arm-none-eabi-gcc "../Drivers/STM32F4xx_HAL_Driver/Src/stm32f4xx_hal_pwr_ex.c" -mcpu=cortex-m4 -std=gnu11 -g3 -DDEBUG -DUSE_HAL_DRIVER -DSTM32F446xx -c -I../Core/Inc -I../Drivers/STM32F4xx_HAL_Driver/Inc -I../Drivers/STM32F4xx_HAL_Driver/Inc/Legacy -I../Drivers/CMSIS/Device/ST/STM32F4xx/Include -I../Drivers/CMSIS/Include -O0 -ffunction-sections -fdata-sections -Wall -fstack-usage -fcyclomatic-complexity -MMD -MP -MF"Drivers/STM32F4xx_HAL_Driver/Src/stm32f4xx_hal_pwr_ex.d" -MT"Drivers/STM32F4xx_HAL_Driver/Src/stm32f4xx_hal_pwr_ex.o" --specs=nano.specs -mfpu=fpv4-sp-d16 -mfloat-abi=hard -mthumb -o "Drivers/STM32F4xx_HAL_Driver/Src/stm32f4xx_hal_pwr_ex.o"
arm-none-eabi-gcc "../Drivers/STM32F4xx_HAL_Driver/Src/stm32f4xx_hal_rcc.c" -mcpu=cortex-m4 -std=gnu11 -g3 -DDEBUG -DUSE_HAL_DRIVER -DSTM32F446xx -c -I../Core/Inc -I../Drivers/STM32F4xx_HAL_Driver/Inc -I../Drivers/STM32F4xx_HAL_Driver/Inc/Legacy -I../Drivers/CMSIS/Device/ST/STM32F4xx/Include -I../Drivers/CMSIS/Include -O0 -ffunction-sections -fdata-sections -Wall -fstack-usage -fcyclomatic-complexity -MMD -MP -MF"Drivers/STM32F4xx_HAL_Driver/Src/stm32f4xx_hal_rcc.d" -MT"Drivers/STM32F4xx_HAL_Driver/Src/stm32f4xx_hal_rcc.o" --specs=nano.specs -mfpu=fpv4-sp-d16 -mfloat-abi=hard -mthumb -o "Drivers/STM32F4xx_HAL_Driver/Src/stm32f4xx_hal_rcc.o"
arm-none-eabi-gcc "../Drivers/STM32F4xx_HAL_Driver/Src/stm32f4xx_hal_rcc_ex.c" -mcpu=cortex-m4 -std=gnu11 -g3 -DDEBUG -DUSE_HAL_DRIVER -DSTM32F446xx -c -I../Core/Inc -I../Drivers/STM32F4xx_HAL_Driver/Inc -I../Drivers/STM32F4xx_HAL_Driver/Inc/Legacy -I../Drivers/CMSIS/Device/ST/STM32F4xx/Include -I../Drivers/CMSIS/Include -O0 -ffunction-sections -fdata-sections -Wall -fstack-usage -fcyclomatic-complexity -MMD -MP -MF"Drivers/STM32F4xx_HAL_Driver/Src/stm32f4xx_hal_rcc_ex.d" -MT"Drivers/STM32F4xx_HAL_Driver/Src/stm32f4xx_hal_rcc_ex.o" --specs=nano.specs -mfpu=fpv4-sp-d16 -mfloat-abi=hard -mthumb -o "Drivers/STM32F4xx_HAL_Driver/Src/stm32f4xx_hal_rcc_ex.o"
arm-none-eabi-gcc "../Drivers/STM32F4xx_HAL_Driver/Src/stm32f4xx_hal_tim.c" -mcpu=cortex-m4 -std=gnu11 -g3 -DDEBUG -DUSE_HAL_DRIVER -DSTM32F446xx -c -I../Core/Inc -I../Drivers/STM32F4xx_HAL_Driver/Inc -I../Drivers/STM32F4xx_HAL_Driver/Inc/Legacy -I../Drivers/CMSIS/Device/ST/STM32F4xx/Include -I../Drivers/CMSIS/Include -O0 -ffunction-sections -fdata-sections -Wall -fstack-usage -fcyclomatic-complexity -MMD -MP -MF"Drivers/STM32F4xx_HAL_Driver/Src/stm32f4xx_hal_tim.d" -MT"Drivers/STM32F4xx_HAL_Driver/Src/stm32f4xx_hal_tim.o" --specs=nano.specs -mfpu=fpv4-sp-d16 -mfloat-abi=hard -mthumb -o "Drivers/STM32F4xx_HAL_Driver/Src/stm32f4xx_hal_tim.o"
arm-none-eabi-gcc "../Drivers/STM32F4xx_HAL_Driver/Src/stm32f4xx_hal_tim_ex.c" -mcpu=cortex-m4 -std=gnu11 -g3 -DDEBUG -DUSE_HAL_DRIVER -DSTM32F446xx -c -I../Core/Inc -I../Drivers/STM32F4xx_HAL_Driver/Inc -I../Drivers/STM32F4xx_HAL_Driver/Inc/Legacy -I../Drivers/CMSIS/Device/ST/STM32F4xx/Include -I../Drivers/CMSIS/Include -O0 -ffunction-sections -fdata-sections -Wall -fstack-usage -fcyclomatic-complexity -MMD -MP -MF"Drivers/STM32F4xx_HAL_Driver/Src/stm32f4xx_hal_tim_ex.d" -MT"Drivers/STM32F4xx_HAL_Driver/Src/stm32f4xx_hal_tim_ex.o" --specs=nano.specs -mfpu=fpv4-sp-d16 -mfloat-abi=hard -mthumb -o "Drivers/STM32F4xx_HAL_Driver/Src/stm32f4xx_hal_tim_ex.o"
arm-none-eabi-gcc "../Drivers/STM32F4xx_HAL_Driver/Src/stm32f4xx_hal_uart.c" -mcpu=cortex-m4 -std=gnu11 -g3 -DDEBUG -DUSE_HAL_DRIVER -DSTM32F446xx -c -I../Core/Inc -I../Drivers/STM32F4xx_HAL_Driver/Inc -I../Drivers/STM32F4xx_HAL_Driver/Inc/Legacy -I../Drivers/CMSIS/Device/ST/STM32F4xx/Include -I../Drivers/CMSIS/Include -O0 -ffunction-sections -fdata-sections -Wall -fstack-usage -fcyclomatic-complexity -MMD -MP -MF"Drivers/STM32F4xx_HAL_Driver/Src/stm32f4xx_hal_uart.d" -MT"Drivers/STM32F4xx_HAL_Driver/Src/stm32f4xx_hal_uart.o" --specs=nano.specs -mfpu=fpv4-sp-d16 -mfloat-abi=hard -mthumb -o "Drivers/STM32F4xx_HAL_Driver/Src/stm32f4xx_hal_uart.o"
arm-none-eabi-gcc -mcpu=cortex-m4 -g3 -DDEBUG -c -x assembler-with-cpp -MMD -MP -MF"Core/Startup/startup_stm32f446retx.d" -MT"Core/Startup/startup_stm32f446retx.o" --specs=nano.specs -mfpu=fpv4-sp-d16 -mfloat-abi=hard -mthumb -o "Core/Startup/startup_stm32f446retx.o" "../Core/Startup/startup_stm32f446retx.s"
arm-none-eabi-gcc "../Core/Src/main.c" -mcpu=cortex-m4 -std=gnu11 -g3 -DDEBUG -DUSE_HAL_DRIVER -DSTM32F446xx -c -I../Core/Inc -I../Drivers/STM32F4xx_HAL_Driver/Inc -I../Drivers/STM32F4xx_HAL_Driver/Inc/Legacy -I../Drivers/CMSIS/Device/ST/STM32F4xx/Include -I../Drivers/CMSIS/Include -O0 -ffunction-sections -fdata-sections -Wall -fstack-usage -fcyclomatic-complexity -MMD -MP -MF"Core/Src/main.d" -MT"Core/Src/main.o" --specs=nano.specs -mfpu=fpv4-sp-d16 -mfloat-abi=hard -mthumb -o "Core/Src/main.o"
arm-none-eabi-gcc "../Core/Src/stm32f4xx_hal_msp.c" -mcpu=cortex-m4 -std=gnu11 -g3 -DDEBUG -DUSE_HAL_DRIVER -DSTM32F446xx -c -I../Core/Inc -I../Drivers/STM32F4xx_HAL_Driver/Inc -I../Drivers/STM32F4xx_HAL_Driver/Inc/Legacy -I../Drivers/CMSIS/Device/ST/STM32F4xx/Include -I../Drivers/CMSIS/Include -O0 -ffunction-sections -fdata-sections -Wall -fstack-usage -fcyclomatic-complexity -MMD -MP -MF"Core/Src/stm32f4xx_hal_msp.d" -MT"Core/Src/stm32f4xx_hal_msp.o" --specs=nano.specs -mfpu=fpv4-sp-d16 -mfloat-abi=hard -mthumb -o "Core/Src/stm32f4xx_hal_msp.o"
arm-none-eabi-gcc "../Core/Src/stm32f4xx_it.c" -mcpu=cortex-m4 -std=gnu11 -g3 -DDEBUG -DUSE_HAL_DRIVER -DSTM32F446xx -c -I../Core/Inc -I../Drivers/STM32F4xx_HAL_Driver/Inc -I../Drivers/STM32F4xx_HAL_Driver/Inc/Legacy -I../Drivers/CMSIS/Device/ST/STM32F4xx/Include -I../Drivers/CMSIS/Include -O0 -ffunction-sections -fdata-sections -Wall -fstack-usage -fcyclomatic-complexity -MMD -MP -MF"Core/Src/stm32f4xx_it.d" -MT"Core/Src/stm32f4xx_it.o" --specs=nano.specs -mfpu=fpv4-sp-d16 -mfloat-abi=hard -mthumb -o "Core/Src/stm32f4xx_it.o"
arm-none-eabi-gcc "../Core/Src/syscalls.c" -mcpu=cortex-m4 -std=gnu11 -g3 -DDEBUG -DUSE_HAL_DRIVER -DSTM32F446xx -c -I../Core/Inc -I../Drivers/STM32F4xx_HAL_Driver/Inc -I../Drivers/STM32F4xx_HAL_Driver/Inc/Legacy -I../Drivers/CMSIS/Device/ST/STM32F4xx/Include -I../Drivers/CMSIS/Include -O0 -ffunction-sections -fdata-sections -Wall -fstack-usage -fcyclomatic-complexity -MMD -MP -MF"Core/Src/syscalls.d" -MT"Core/Src/syscalls.o" --specs=nano.specs -mfpu=fpv4-sp-d16 -mfloat-abi=hard -mthumb -o "Core/Src/syscalls.o"
arm-none-eabi-gcc "../Core/Src/sysmem.c" -mcpu=cortex-m4 -std=gnu11 -g3 -DDEBUG -DUSE_HAL_DRIVER -DSTM32F446xx -c -I../Core/Inc -I../Drivers/STM32F4xx_HAL_Driver/Inc -I../Drivers/STM32F4xx_HAL_Driver/Inc/Legacy -I../Drivers/CMSIS/Device/ST/STM32F4xx/Include -I../Drivers/CMSIS/Include -O0 -ffunction-sections -fdata-sections -Wall -fstack-usage -fcyclomatic-complexity -MMD -MP -MF"Core/Src/sysmem.d" -MT"Core/Src/sysmem.o" --specs=nano.specs -mfpu=fpv4-sp-d16 -mfloat-abi=hard -mthumb -o "Core/Src/sysmem.o"
arm-none-eabi-gcc "../Core/Src/system_stm32f4xx.c" -mcpu=cortex-m4 -std=gnu11 -g3 -DDEBUG -DUSE_HAL_DRIVER -DSTM32F446xx -c -I../Core/Inc -I../Drivers/STM32F4xx_HAL_Driver/Inc -I../Drivers/STM32F4xx_HAL_Driver/Inc/Legacy -I../Drivers/CMSIS/Device/ST/STM32F4xx/Include -I../Drivers/CMSIS/Include -O0 -ffunction-sections -fdata-sections -Wall -fstack-usage -fcyclomatic-complexity -MMD -MP -MF"Core/Src/system_stm32f4xx.d" -MT"Core/Src/system_stm32f4xx.o" --specs=nano.specs -mfpu=fpv4-sp-d16 -mfloat-abi=hard -mthumb -o "Core/Src/system_stm32f4xx.o"
arm-none-eabi-gcc -o "mpu6050.elf" @"objects.list"   -mcpu=cortex-m4 -T"C:\Users\biomech\STM32CubeIDE\workspace_1.13.0\mpu6050\mpu6050\STM32F446RETX_FLASH.ld" --specs=nosys.specs -Wl,-Map="mpu6050.map" -Wl,--gc-sections -static --specs=nano.specs -mfpu=fpv4-sp-d16 -mfloat-abi=hard -mthumb -Wl,--start-group -lc -lm -Wl,--end-group
Finished building target: mpu6050.elf
 
arm-none-eabi-size   mpu6050.elf 
arm-none-eabi-objdump -h -S  mpu6050.elf  > "mpu6050.list"
   text	   data	    bss	    dec	    hex	filename
   9520	     20	   1788	  11328	   2c40	mpu6050.elf
Finished building: default.size.stdout
 
Finished building: mpu6050.list
 
10:51:08 **** Incremental Build of configuration Debug for project mpu6050 ****
make -j20 all 
arm-none-eabi-gcc "../Core/Src/main.c" -mcpu=cortex-m4 -std=gnu11 -g3 -DDEBUG -DUSE_HAL_DRIVER -DSTM32F446xx -c -I../Core/Inc -I../Drivers/STM32F4xx_HAL_Driver/Inc -I../Drivers/STM32F4xx_HAL_Driver/Inc/Legacy -I../Drivers/CMSIS/Device/ST/STM32F4xx/Include -I../Drivers/CMSIS/Include -O0 -ffunction-sections -fdata-sections -Wall -fstack-usage -fcyclomatic-complexity -MMD -MP -MF"Core/Src/main.d" -MT"Core/Src/main.o" --specs=nano.specs -mfpu=fpv4-sp-d16 -mfloat-abi=hard -mthumb -o "Core/Src/main.o"
arm-none-eabi-gcc -o "mpu6050.elf" @"objects.list"   -mcpu=cortex-m4 -T"C:\Users\biomech\STM32CubeIDE\workspace_1.13.0\mpu6050\mpu6050\STM32F446RETX_FLASH.ld" --specs=nosys.specs -Wl,-Map="mpu6050.map" -Wl,--gc-sections -static --specs=nano.specs -mfpu=fpv4-sp-d16 -mfloat-abi=hard -mthumb -Wl,--start-group -lc -lm -Wl,--end-group
Finished building target: mpu6050.elf
 
arm-none-eabi-size   mpu6050.elf 
arm-none-eabi-objdump -h -S  mpu6050.elf  > "mpu6050.list"
   text	   data	    bss	    dec	    hex	filename
  24708	    120	   2224	  27052	   69ac	mpu6050.elf
Finished building: default.size.stdout
 
Finished building: mpu6050.list
 
10:52:07 **** Incremental Build of configuration Debug for project mpu6050 ****
make -j20 all 
arm-none-eabi-size   mpu6050.elf 
   text	   data	    bss	    dec	    hex	filename
  24708	    120	   2224	  27052	   69ac	mpu6050.elf
Finished building: default.size.stdout
 
10:53:15 **** Incremental Build of configuration Debug for project mpu6050 ****
make -j20 all 
arm-none-eabi-size   mpu6050.elf 
   text	   data	    bss	    dec	    hex	filename
  24708	    120	   2224	  27052	   69ac	mpu6050.elf
Finished building: default.size.stdout
 
10:54:07 **** Incremental Build of configuration Debug for project mpu6050 ****
make -j20 all 
arm-none-eabi-size   mpu6050.elf 
   text	   data	    bss	    dec	    hex	filename
  24708	    120	   2224	  27052	   69ac	mpu6050.elf
Finished building: default.size.stdout
 
10:55:12 **** Incremental Build of configuration Debug for project mpu6050 ****
make -j20 all 
arm-none-eabi-size   mpu6050.elf 
   text	   data	    bss	    dec	    hex	filename
  24708	    120	   2224	  27052	   69ac	mpu6050.elf
Finished building: default.size.stdout
 
10:56:14 **** Incremental Build of configuration Debug for project mpu6050 ****
make -j20 all 
arm-none-eabi-size   mpu6050.elf 
   text	   data	    bss	    dec	    hex	filename
  24708	    120	   2224	  27052	   69ac	mpu6050.elf
Finished building: default.size.stdout
 
10:56:50 **** Incremental Build of configuration Debug for project mpu6050 ****
make -j20 all 
arm-none-eabi-size   mpu6050.elf 
   text	   data	    bss	    dec	    hex	filename
  24708	    120	   2224	  27052	   69ac	mpu6050.elf
Finished building: default.size.stdout
 
10:58:40 **** Incremental Build of configuration Debug for project mpu6050 ****
make -j20 all 
arm-none-eabi-size   mpu6050.elf 
   text	   data	    bss	    dec	    hex	filename
  24708	    120	   2224	  27052	   69ac	mpu6050.elf
Finished building: default.size.stdout
 
10:58:45 **** Incremental Build of configuration Debug for project mpu6050 ****
make -j20 all 
arm-none-eabi-size   mpu6050.elf 
   text	   data	    bss	    dec	    hex	filename
  24708	    120	   2224	  27052	   69ac	mpu6050.elf
Finished building: default.size.stdout
 
10:59:08 **** Incremental Build of configuration Debug for project mpu6050 ****
make -j20 all 
arm-none-eabi-size   mpu6050.elf 
   text	   data	    bss	    dec	    hex	filename
  24708	    120	   2224	  27052	   69ac	mpu6050.elf
Finished building: default.size.stdout
 
10:59:48 **** Incremental Build of configuration Debug for project mpu6050 ****
make -j20 all 
arm-none-eabi-size   mpu6050.elf 
   text	   data	    bss	    dec	    hex	filename
  24708	    120	   2224	  27052	   69ac	mpu6050.elf
Finished building: default.size.stdout
 
11:25:44 **** Incremental Build of configuration Debug for project mpu6050 ****
make -j20 all 
arm-none-eabi-gcc "../Core/Src/main.c" -mcpu=cortex-m4 -std=gnu11 -g3 -DDEBUG -DUSE_HAL_DRIVER -DSTM32F446xx -c -I../Core/Inc -I../Drivers/STM32F4xx_HAL_Driver/Inc -I../Drivers/STM32F4xx_HAL_Driver/Inc/Legacy -I../Drivers/CMSIS/Device/ST/STM32F4xx/Include -I../Drivers/CMSIS/Include -O0 -ffunction-sections -fdata-sections -Wall -fstack-usage -fcyclomatic-complexity -MMD -MP -MF"Core/Src/main.d" -MT"Core/Src/main.o" --specs=nano.specs -mfpu=fpv4-sp-d16 -mfloat-abi=hard -mthumb -o "Core/Src/main.o"
arm-none-eabi-gcc "../Core/Src/stm32f4xx_hal_msp.c" -mcpu=cortex-m4 -std=gnu11 -g3 -DDEBUG -DUSE_HAL_DRIVER -DSTM32F446xx -c -I../Core/Inc -I../Drivers/STM32F4xx_HAL_Driver/Inc -I../Drivers/STM32F4xx_HAL_Driver/Inc/Legacy -I../Drivers/CMSIS/Device/ST/STM32F4xx/Include -I../Drivers/CMSIS/Include -O0 -ffunction-sections -fdata-sections -Wall -fstack-usage -fcyclomatic-complexity -MMD -MP -MF"Core/Src/stm32f4xx_hal_msp.d" -MT"Core/Src/stm32f4xx_hal_msp.o" --specs=nano.specs -mfpu=fpv4-sp-d16 -mfloat-abi=hard -mthumb -o "Core/Src/stm32f4xx_hal_msp.o"
../Core/Src/main.c: In function 'main':
../Core/Src/main.c:275:35: error: 'angle_pitch' undeclared (first use in this function); did you mean 'angle_pitch_2'?
  275 |                                   angle_pitch = angle_pitch_acc;
      |                                   ^~~~~~~~~~~
      |                                   angle_pitch_2
../Core/Src/main.c:275:35: note: each undeclared identifier is reported only once for each function it appears in
make: *** [Core/Src/subdir.mk:34: Core/Src/main.o] Error 1
make: *** Waiting for unfinished jobs....
"make -j20 all" terminated with exit code 2. Build might be incomplete.
11:26:03 **** Incremental Build of configuration Debug for project mpu6050 ****
make -j20 all 
arm-none-eabi-gcc "../Core/Src/main.c" -mcpu=cortex-m4 -std=gnu11 -g3 -DDEBUG -DUSE_HAL_DRIVER -DSTM32F446xx -c -I../Core/Inc -I../Drivers/STM32F4xx_HAL_Driver/Inc -I../Drivers/STM32F4xx_HAL_Driver/Inc/Legacy -I../Drivers/CMSIS/Device/ST/STM32F4xx/Include -I../Drivers/CMSIS/Include -O0 -ffunction-sections -fdata-sections -Wall -fstack-usage -fcyclomatic-complexity -MMD -MP -MF"Core/Src/main.d" -MT"Core/Src/main.o" --specs=nano.specs -mfpu=fpv4-sp-d16 -mfloat-abi=hard -mthumb -o "Core/Src/main.o"
arm-none-eabi-gcc -o "mpu6050.elf" @"objects.list"   -mcpu=cortex-m4 -T"C:\Users\biomech\STM32CubeIDE\workspace_1.13.0\mpu6050\mpu6050\STM32F446RETX_FLASH.ld" --specs=nosys.specs -Wl,-Map="mpu6050.map" -Wl,--gc-sections -static --specs=nano.specs -mfpu=fpv4-sp-d16 -mfloat-abi=hard -mthumb -Wl,--start-group -lc -lm -Wl,--end-group
Finished building target: mpu6050.elf
 
arm-none-eabi-size   mpu6050.elf 
arm-none-eabi-objdump -h -S  mpu6050.elf  > "mpu6050.list"
   text	   data	    bss	    dec	    hex	filename
  27132	    120	   2320	  29572	   7384	mpu6050.elf
Finished building: default.size.stdout
 
Finished building: mpu6050.list
 
11:26:43 **** Incremental Build of configuration Debug for project mpu6050 ****
make -j20 all 
arm-none-eabi-size   mpu6050.elf 
   text	   data	    bss	    dec	    hex	filename
  27132	    120	   2320	  29572	   7384	mpu6050.elf
Finished building: default.size.stdout
 
11:27:22 **** Incremental Build of configuration Debug for project mpu6050 ****
make -j20 all 
arm-none-eabi-size   mpu6050.elf 
   text	   data	    bss	    dec	    hex	filename
  27132	    120	   2320	  29572	   7384	mpu6050.elf
Finished building: default.size.stdout
 
11:27:28 **** Incremental Build of configuration Debug for project mpu6050 ****
make -j20 all 
arm-none-eabi-size   mpu6050.elf 
   text	   data	    bss	    dec	    hex	filename
  27132	    120	   2320	  29572	   7384	mpu6050.elf
Finished building: default.size.stdout
 
11:27:40 **** Incremental Build of configuration Debug for project mpu6050 ****
make -j20 all 
arm-none-eabi-size   mpu6050.elf 
   text	   data	    bss	    dec	    hex	filename
  27132	    120	   2320	  29572	   7384	mpu6050.elf
Finished building: default.size.stdout
 
11:38:18 **** Incremental Build of configuration Debug for project mpu6050 ****
make -j20 all 
arm-none-eabi-gcc "../Core/Src/main.c" -mcpu=cortex-m4 -std=gnu11 -g3 -DDEBUG -DUSE_HAL_DRIVER -DSTM32F446xx -c -I../Core/Inc -I../Drivers/STM32F4xx_HAL_Driver/Inc -I../Drivers/STM32F4xx_HAL_Driver/Inc/Legacy -I../Drivers/CMSIS/Device/ST/STM32F4xx/Include -I../Drivers/CMSIS/Include -O0 -ffunction-sections -fdata-sections -Wall -fstack-usage -fcyclomatic-complexity -MMD -MP -MF"Core/Src/main.d" -MT"Core/Src/main.o" --specs=nano.specs -mfpu=fpv4-sp-d16 -mfloat-abi=hard -mthumb -o "Core/Src/main.o"
arm-none-eabi-gcc "../Core/Src/stm32f4xx_hal_msp.c" -mcpu=cortex-m4 -std=gnu11 -g3 -DDEBUG -DUSE_HAL_DRIVER -DSTM32F446xx -c -I../Core/Inc -I../Drivers/STM32F4xx_HAL_Driver/Inc -I../Drivers/STM32F4xx_HAL_Driver/Inc/Legacy -I../Drivers/CMSIS/Device/ST/STM32F4xx/Include -I../Drivers/CMSIS/Include -O0 -ffunction-sections -fdata-sections -Wall -fstack-usage -fcyclomatic-complexity -MMD -MP -MF"Core/Src/stm32f4xx_hal_msp.d" -MT"Core/Src/stm32f4xx_hal_msp.o" --specs=nano.specs -mfpu=fpv4-sp-d16 -mfloat-abi=hard -mthumb -o "Core/Src/stm32f4xx_hal_msp.o"
arm-none-eabi-gcc -o "mpu6050.elf" @"objects.list"   -mcpu=cortex-m4 -T"C:\Users\biomech\STM32CubeIDE\workspace_1.13.0\mpu6050\mpu6050\STM32F446RETX_FLASH.ld" --specs=nosys.specs -Wl,-Map="mpu6050.map" -Wl,--gc-sections -static --specs=nano.specs -mfpu=fpv4-sp-d16 -mfloat-abi=hard -mthumb -Wl,--start-group -lc -lm -Wl,--end-group
Finished building target: mpu6050.elf
 
arm-none-eabi-size   mpu6050.elf 
arm-none-eabi-objdump -h -S  mpu6050.elf  > "mpu6050.list"
   text	   data	    bss	    dec	    hex	filename
  24748	    120	   2224	  27092	   69d4	mpu6050.elf
Finished building: default.size.stdout
 
Finished building: mpu6050.list
 
11:39:07 **** Incremental Build of configuration Debug for project mpu6050 ****
make -j20 all 
arm-none-eabi-size   mpu6050.elf 
   text	   data	    bss	    dec	    hex	filename
  24748	    120	   2224	  27092	   69d4	mpu6050.elf
Finished building: default.size.stdout
 
11:39:36 **** Incremental Build of configuration Debug for project mpu6050 ****
make -j20 all 
arm-none-eabi-size   mpu6050.elf 
   text	   data	    bss	    dec	    hex	filename
  24748	    120	   2224	  27092	   69d4	mpu6050.elf
Finished building: default.size.stdout
 
11:40:22 **** Incremental Build of configuration Debug for project mpu6050 ****
make -j20 all 
arm-none-eabi-size   mpu6050.elf 
   text	   data	    bss	    dec	    hex	filename
  24748	    120	   2224	  27092	   69d4	mpu6050.elf
Finished building: default.size.stdout
 
11:41:49 **** Incremental Build of configuration Debug for project mpu6050 ****
make -j20 all 
arm-none-eabi-size   mpu6050.elf 
   text	   data	    bss	    dec	    hex	filename
  24748	    120	   2224	  27092	   69d4	mpu6050.elf
Finished building: default.size.stdout
 
11:43:09 **** Incremental Build of configuration Debug for project mpu6050 ****
make -j20 all 
arm-none-eabi-size   mpu6050.elf 
   text	   data	    bss	    dec	    hex	filename
  24748	    120	   2224	  27092	   69d4	mpu6050.elf
Finished building: default.size.stdout
 
11:44:13 **** Incremental Build of configuration Debug for project mpu6050 ****
make -j20 all 
arm-none-eabi-size   mpu6050.elf 
   text	   data	    bss	    dec	    hex	filename
  24748	    120	   2224	  27092	   69d4	mpu6050.elf
Finished building: default.size.stdout
 
11:47:16 **** Incremental Build of configuration Debug for project mpu6050 ****
make -j20 all 
arm-none-eabi-size   mpu6050.elf 
   text	   data	    bss	    dec	    hex	filename
  24748	    120	   2224	  27092	   69d4	mpu6050.elf
Finished building: default.size.stdout
 
11:49:32 **** Incremental Build of configuration Debug for project mpu6050 ****
make -j20 all 
arm-none-eabi-size   mpu6050.elf 
   text	   data	    bss	    dec	    hex	filename
  24748	    120	   2224	  27092	   69d4	mpu6050.elf
Finished building: default.size.stdout
 
11:50:27 **** Incremental Build of configuration Debug for project mpu6050 ****
make -j20 all 
arm-none-eabi-size   mpu6050.elf 
   text	   data	    bss	    dec	    hex	filename
  24748	    120	   2224	  27092	   69d4	mpu6050.elf
Finished building: default.size.stdout
 
11:50:33 **** Incremental Build of configuration Debug for project mpu6050 ****
make -j20 all 
arm-none-eabi-size   mpu6050.elf 
   text	   data	    bss	    dec	    hex	filename
  24748	    120	   2224	  27092	   69d4	mpu6050.elf
Finished building: default.size.stdout
 
11:51:55 **** Incremental Build of configuration Debug for project mpu6050 ****
make -j20 all 
arm-none-eabi-size   mpu6050.elf 
   text	   data	    bss	    dec	    hex	filename
  24748	    120	   2224	  27092	   69d4	mpu6050.elf
Finished building: default.size.stdout
 
11:52:30 **** Incremental Build of configuration Debug for project mpu6050 ****
make -j20 all 
arm-none-eabi-size   mpu6050.elf 
   text	   data	    bss	    dec	    hex	filename
  24748	    120	   2224	  27092	   69d4	mpu6050.elf
Finished building: default.size.stdout
 
11:53:41 **** Incremental Build of configuration Debug for project mpu6050 ****
make -j20 all 
arm-none-eabi-size   mpu6050.elf 
   text	   data	    bss	    dec	    hex	filename
  24748	    120	   2224	  27092	   69d4	mpu6050.elf
Finished building: default.size.stdout
 
11:54:08 **** Incremental Build of configuration Debug for project mpu6050 ****
make -j20 all 
arm-none-eabi-size   mpu6050.elf 
   text	   data	    bss	    dec	    hex	filename
  24748	    120	   2224	  27092	   69d4	mpu6050.elf
Finished building: default.size.stdout
 
11:54:59 **** Incremental Build of configuration Debug for project mpu6050 ****
make -j20 all 
arm-none-eabi-size   mpu6050.elf 
   text	   data	    bss	    dec	    hex	filename
  24748	    120	   2224	  27092	   69d4	mpu6050.elf
Finished building: default.size.stdout
 
11:55:57 **** Incremental Build of configuration Debug for project mpu6050 ****
make -j20 all 
arm-none-eabi-gcc "../Core/Src/main.c" -mcpu=cortex-m4 -std=gnu11 -g3 -DDEBUG -DUSE_HAL_DRIVER -DSTM32F446xx -c -I../Core/Inc -I../Drivers/STM32F4xx_HAL_Driver/Inc -I../Drivers/STM32F4xx_HAL_Driver/Inc/Legacy -I../Drivers/CMSIS/Device/ST/STM32F4xx/Include -I../Drivers/CMSIS/Include -O0 -ffunction-sections -fdata-sections -Wall -fstack-usage -fcyclomatic-complexity -MMD -MP -MF"Core/Src/main.d" -MT"Core/Src/main.o" --specs=nano.specs -mfpu=fpv4-sp-d16 -mfloat-abi=hard -mthumb -o "Core/Src/main.o"
arm-none-eabi-gcc -o "mpu6050.elf" @"objects.list"   -mcpu=cortex-m4 -T"C:\Users\biomech\STM32CubeIDE\workspace_1.13.0\mpu6050\mpu6050\STM32F446RETX_FLASH.ld" --specs=nosys.specs -Wl,-Map="mpu6050.map" -Wl,--gc-sections -static --specs=nano.specs -mfpu=fpv4-sp-d16 -mfloat-abi=hard -mthumb -Wl,--start-group -lc -lm -Wl,--end-group
Finished building target: mpu6050.elf
 
arm-none-eabi-size   mpu6050.elf 
arm-none-eabi-objdump -h -S  mpu6050.elf  > "mpu6050.list"
   text	   data	    bss	    dec	    hex	filename
  24748	    120	   2224	  27092	   69d4	mpu6050.elf
Finished building: default.size.stdout
 
Finished building: mpu6050.list
 
12:00:23 **** Incremental Build of configuration Debug for project mpu6050 ****
make -j20 all 
arm-none-eabi-size   mpu6050.elf 
   text	   data	    bss	    dec	    hex	filename
  24748	    120	   2224	  27092	   69d4	mpu6050.elf
Finished building: default.size.stdout
 
12:01:09 **** Incremental Build of configuration Debug for project mpu6050 ****
make -j20 all 
arm-none-eabi-size   mpu6050.elf 
   text	   data	    bss	    dec	    hex	filename
  24748	    120	   2224	  27092	   69d4	mpu6050.elf
Finished building: default.size.stdout
 
15:48:28 **** Incremental Build of configuration Debug for project mpu6050 ****
make -j20 all 
arm-none-eabi-gcc "../Core/Src/main.c" -mcpu=cortex-m4 -std=gnu11 -g3 -DDEBUG -DUSE_HAL_DRIVER -DSTM32F446xx -c -I../Core/Inc -I../Drivers/STM32F4xx_HAL_Driver/Inc -I../Drivers/STM32F4xx_HAL_Driver/Inc/Legacy -I../Drivers/CMSIS/Device/ST/STM32F4xx/Include -I../Drivers/CMSIS/Include -O0 -ffunction-sections -fdata-sections -Wall -fstack-usage -fcyclomatic-complexity -MMD -MP -MF"Core/Src/main.d" -MT"Core/Src/main.o" --specs=nano.specs -mfpu=fpv4-sp-d16 -mfloat-abi=hard -mthumb -o "Core/Src/main.o"
arm-none-eabi-gcc "../Core/Src/stm32f4xx_hal_msp.c" -mcpu=cortex-m4 -std=gnu11 -g3 -DDEBUG -DUSE_HAL_DRIVER -DSTM32F446xx -c -I../Core/Inc -I../Drivers/STM32F4xx_HAL_Driver/Inc -I../Drivers/STM32F4xx_HAL_Driver/Inc/Legacy -I../Drivers/CMSIS/Device/ST/STM32F4xx/Include -I../Drivers/CMSIS/Include -O0 -ffunction-sections -fdata-sections -Wall -fstack-usage -fcyclomatic-complexity -MMD -MP -MF"Core/Src/stm32f4xx_hal_msp.d" -MT"Core/Src/stm32f4xx_hal_msp.o" --specs=nano.specs -mfpu=fpv4-sp-d16 -mfloat-abi=hard -mthumb -o "Core/Src/stm32f4xx_hal_msp.o"
arm-none-eabi-gcc -o "mpu6050.elf" @"objects.list"   -mcpu=cortex-m4 -T"C:\Users\biomech\STM32CubeIDE\workspace_1.13.0\mpu6050\mpu6050\STM32F446RETX_FLASH.ld" --specs=nosys.specs -Wl,-Map="mpu6050.map" -Wl,--gc-sections -static --specs=nano.specs -mfpu=fpv4-sp-d16 -mfloat-abi=hard -mthumb -Wl,--start-group -lc -lm -Wl,--end-group
Finished building target: mpu6050.elf
 
arm-none-eabi-size   mpu6050.elf 
arm-none-eabi-objdump -h -S  mpu6050.elf  > "mpu6050.list"
   text	   data	    bss	    dec	    hex	filename
  25012	    120	   2312	  27444	   6b34	mpu6050.elf
Finished building: default.size.stdout
 
Finished building: mpu6050.list
 
15:59:01 **** Incremental Build of configuration Debug for project mpu6050 ****
make -j20 all 
arm-none-eabi-gcc "../Core/Src/main.c" -mcpu=cortex-m4 -std=gnu11 -g3 -DDEBUG -DUSE_HAL_DRIVER -DSTM32F446xx -c -I../Core/Inc -I../Drivers/STM32F4xx_HAL_Driver/Inc -I../Drivers/STM32F4xx_HAL_Driver/Inc/Legacy -I../Drivers/CMSIS/Device/ST/STM32F4xx/Include -I../Drivers/CMSIS/Include -O0 -ffunction-sections -fdata-sections -Wall -fstack-usage -fcyclomatic-complexity -MMD -MP -MF"Core/Src/main.d" -MT"Core/Src/main.o" --specs=nano.specs -mfpu=fpv4-sp-d16 -mfloat-abi=hard -mthumb -o "Core/Src/main.o"
arm-none-eabi-gcc -o "mpu6050.elf" @"objects.list"   -mcpu=cortex-m4 -T"C:\Users\biomech\STM32CubeIDE\workspace_1.13.0\mpu6050\mpu6050\STM32F446RETX_FLASH.ld" --specs=nosys.specs -Wl,-Map="mpu6050.map" -Wl,--gc-sections -static --specs=nano.specs -mfpu=fpv4-sp-d16 -mfloat-abi=hard -mthumb -Wl,--start-group -lc -lm -Wl,--end-group
Finished building target: mpu6050.elf
 
arm-none-eabi-size   mpu6050.elf 
arm-none-eabi-objdump -h -S  mpu6050.elf  > "mpu6050.list"
   text	   data	    bss	    dec	    hex	filename
  25268	    120	   2312	  27700	   6c34	mpu6050.elf
Finished building: default.size.stdout
 
Finished building: mpu6050.list
 
16:00:15 **** Incremental Build of configuration Debug for project mpu6050 ****
make -j20 all 
arm-none-eabi-size   mpu6050.elf 
   text	   data	    bss	    dec	    hex	filename
  25268	    120	   2312	  27700	   6c34	mpu6050.elf
Finished building: default.size.stdout
 
16:06:38 **** Incremental Build of configuration Debug for project mpu6050 ****
make -j20 all 
arm-none-eabi-gcc "../Core/Src/main.c" -mcpu=cortex-m4 -std=gnu11 -g3 -DDEBUG -DUSE_HAL_DRIVER -DSTM32F446xx -c -I../Core/Inc -I../Drivers/STM32F4xx_HAL_Driver/Inc -I../Drivers/STM32F4xx_HAL_Driver/Inc/Legacy -I../Drivers/CMSIS/Device/ST/STM32F4xx/Include -I../Drivers/CMSIS/Include -O0 -ffunction-sections -fdata-sections -Wall -fstack-usage -fcyclomatic-complexity -MMD -MP -MF"Core/Src/main.d" -MT"Core/Src/main.o" --specs=nano.specs -mfpu=fpv4-sp-d16 -mfloat-abi=hard -mthumb -o "Core/Src/main.o"
../Core/Src/main.c: In function 'main':
../Core/Src/main.c:185:45: error: incompatible type for argument 1 of 'HAL_I2C_IsDeviceReady'
  185 |                   if(!HAL_I2C_IsDeviceReady(hi2c2, i, 1, 10)){
      |                                             ^~~~~
      |                                             |
      |                                             I2C_HandleTypeDef
In file included from ../Core/Inc/stm32f4xx_hal_conf.h:363,
                 from ../Drivers/STM32F4xx_HAL_Driver/Inc/stm32f4xx_hal.h:29,
                 from ../Core/Inc/main.h:30,
                 from ../Core/Src/main.c:20:
../Drivers/STM32F4xx_HAL_Driver/Inc/stm32f4xx_hal_i2c.h:572:60: note: expected 'I2C_HandleTypeDef *' but argument is of type 'I2C_HandleTypeDef'
  572 | HAL_StatusTypeDef HAL_I2C_IsDeviceReady(I2C_HandleTypeDef *hi2c, uint16_t DevAddress, uint32_t Trials, uint32_t Timeout);
      |                                         ~~~~~~~~~~~~~~~~~~~^~~~
../Core/Src/main.c:192:45: error: incompatible type for argument 1 of 'HAL_I2C_IsDeviceReady'
  192 |                   if(!HAL_I2C_IsDeviceReady(hi2c1, i, 1, 10)){
      |                                             ^~~~~
      |                                             |
      |                                             I2C_HandleTypeDef
In file included from ../Core/Inc/stm32f4xx_hal_conf.h:363,
                 from ../Drivers/STM32F4xx_HAL_Driver/Inc/stm32f4xx_hal.h:29,
                 from ../Core/Inc/main.h:30,
                 from ../Core/Src/main.c:20:
../Drivers/STM32F4xx_HAL_Driver/Inc/stm32f4xx_hal_i2c.h:572:60: note: expected 'I2C_HandleTypeDef *' but argument is of type 'I2C_HandleTypeDef'
  572 | HAL_StatusTypeDef HAL_I2C_IsDeviceReady(I2C_HandleTypeDef *hi2c, uint16_t DevAddress, uint32_t Trials, uint32_t Timeout);
      |                                         ~~~~~~~~~~~~~~~~~~~^~~~
../Core/Src/main.c:180:15: warning: variable 'address' set but not used [-Wunused-but-set-variable]
  180 |       uint8_t address[10];
      |               ^~~~~~~
../Core/Src/main.c:179:15: warning: variable 'address1' set but not used [-Wunused-but-set-variable]
  179 |       uint8_t address1[10];
      |               ^~~~~~~~
make: *** [Core/Src/subdir.mk:34: Core/Src/main.o] Error 1
"make -j20 all" terminated with exit code 2. Build might be incomplete.
16:07:05 **** Incremental Build of configuration Debug for project mpu6050 ****
make -j20 all 
arm-none-eabi-gcc "../Core/Src/main.c" -mcpu=cortex-m4 -std=gnu11 -g3 -DDEBUG -DUSE_HAL_DRIVER -DSTM32F446xx -c -I../Core/Inc -I../Drivers/STM32F4xx_HAL_Driver/Inc -I../Drivers/STM32F4xx_HAL_Driver/Inc/Legacy -I../Drivers/CMSIS/Device/ST/STM32F4xx/Include -I../Drivers/CMSIS/Include -O0 -ffunction-sections -fdata-sections -Wall -fstack-usage -fcyclomatic-complexity -MMD -MP -MF"Core/Src/main.d" -MT"Core/Src/main.o" --specs=nano.specs -mfpu=fpv4-sp-d16 -mfloat-abi=hard -mthumb -o "Core/Src/main.o"
../Core/Src/main.c: In function 'main':
../Core/Src/main.c:180:15: warning: variable 'address' set but not used [-Wunused-but-set-variable]
  180 |       uint8_t address[10];
      |               ^~~~~~~
../Core/Src/main.c:179:15: warning: variable 'address1' set but not used [-Wunused-but-set-variable]
  179 |       uint8_t address1[10];
      |               ^~~~~~~~
arm-none-eabi-gcc -o "mpu6050.elf" @"objects.list"   -mcpu=cortex-m4 -T"C:\Users\biomech\STM32CubeIDE\workspace_1.13.0\mpu6050\mpu6050\STM32F446RETX_FLASH.ld" --specs=nosys.specs -Wl,-Map="mpu6050.map" -Wl,--gc-sections -static --specs=nano.specs -mfpu=fpv4-sp-d16 -mfloat-abi=hard -mthumb -Wl,--start-group -lc -lm -Wl,--end-group
Finished building target: mpu6050.elf
 
arm-none-eabi-size   mpu6050.elf 
arm-none-eabi-objdump -h -S  mpu6050.elf  > "mpu6050.list"
   text	   data	    bss	    dec	    hex	filename
  26020	    120	   2312	  28452	   6f24	mpu6050.elf
Finished building: default.size.stdout
 
Finished building: mpu6050.list
 
16:07:51 **** Incremental Build of configuration Debug for project mpu6050 ****
make -j20 all 
arm-none-eabi-gcc "../Core/Src/main.c" -mcpu=cortex-m4 -std=gnu11 -g3 -DDEBUG -DUSE_HAL_DRIVER -DSTM32F446xx -c -I../Core/Inc -I../Drivers/STM32F4xx_HAL_Driver/Inc -I../Drivers/STM32F4xx_HAL_Driver/Inc/Legacy -I../Drivers/CMSIS/Device/ST/STM32F4xx/Include -I../Drivers/CMSIS/Include -O0 -ffunction-sections -fdata-sections -Wall -fstack-usage -fcyclomatic-complexity -MMD -MP -MF"Core/Src/main.d" -MT"Core/Src/main.o" --specs=nano.specs -mfpu=fpv4-sp-d16 -mfloat-abi=hard -mthumb -o "Core/Src/main.o"
arm-none-eabi-gcc -o "mpu6050.elf" @"objects.list"   -mcpu=cortex-m4 -T"C:\Users\biomech\STM32CubeIDE\workspace_1.13.0\mpu6050\mpu6050\STM32F446RETX_FLASH.ld" --specs=nosys.specs -Wl,-Map="mpu6050.map" -Wl,--gc-sections -static --specs=nano.specs -mfpu=fpv4-sp-d16 -mfloat-abi=hard -mthumb -Wl,--start-group -lc -lm -Wl,--end-group
Finished building target: mpu6050.elf
 
arm-none-eabi-size   mpu6050.elf 
arm-none-eabi-objdump -h -S  mpu6050.elf  > "mpu6050.list"
   text	   data	    bss	    dec	    hex	filename
  26012	    120	   2336	  28468	   6f34	mpu6050.elf
Finished building: default.size.stdout
 
Finished building: mpu6050.list
 
16:09:28 **** Incremental Build of configuration Debug for project mpu6050 ****
make -j20 all 
arm-none-eabi-gcc "../Core/Src/main.c" -mcpu=cortex-m4 -std=gnu11 -g3 -DDEBUG -DUSE_HAL_DRIVER -DSTM32F446xx -c -I../Core/Inc -I../Drivers/STM32F4xx_HAL_Driver/Inc -I../Drivers/STM32F4xx_HAL_Driver/Inc/Legacy -I../Drivers/CMSIS/Device/ST/STM32F4xx/Include -I../Drivers/CMSIS/Include -O0 -ffunction-sections -fdata-sections -Wall -fstack-usage -fcyclomatic-complexity -MMD -MP -MF"Core/Src/main.d" -MT"Core/Src/main.o" --specs=nano.specs -mfpu=fpv4-sp-d16 -mfloat-abi=hard -mthumb -o "Core/Src/main.o"
arm-none-eabi-gcc -o "mpu6050.elf" @"objects.list"   -mcpu=cortex-m4 -T"C:\Users\biomech\STM32CubeIDE\workspace_1.13.0\mpu6050\mpu6050\STM32F446RETX_FLASH.ld" --specs=nosys.specs -Wl,-Map="mpu6050.map" -Wl,--gc-sections -static --specs=nano.specs -mfpu=fpv4-sp-d16 -mfloat-abi=hard -mthumb -Wl,--start-group -lc -lm -Wl,--end-group
Finished building target: mpu6050.elf
 
arm-none-eabi-size   mpu6050.elf 
arm-none-eabi-objdump -h -S  mpu6050.elf  > "mpu6050.list"
   text	   data	    bss	    dec	    hex	filename
  25268	    120	   2312	  27700	   6c34	mpu6050.elf
Finished building: default.size.stdout
 
Finished building: mpu6050.list
 
16:10:51 **** Incremental Build of configuration Debug for project mpu6050 ****
make -j20 all 
arm-none-eabi-gcc "../Core/Src/main.c" -mcpu=cortex-m4 -std=gnu11 -g3 -DDEBUG -DUSE_HAL_DRIVER -DSTM32F446xx -c -I../Core/Inc -I../Drivers/STM32F4xx_HAL_Driver/Inc -I../Drivers/STM32F4xx_HAL_Driver/Inc/Legacy -I../Drivers/CMSIS/Device/ST/STM32F4xx/Include -I../Drivers/CMSIS/Include -O0 -ffunction-sections -fdata-sections -Wall -fstack-usage -fcyclomatic-complexity -MMD -MP -MF"Core/Src/main.d" -MT"Core/Src/main.o" --specs=nano.specs -mfpu=fpv4-sp-d16 -mfloat-abi=hard -mthumb -o "Core/Src/main.o"
arm-none-eabi-gcc -o "mpu6050.elf" @"objects.list"   -mcpu=cortex-m4 -T"C:\Users\biomech\STM32CubeIDE\workspace_1.13.0\mpu6050\mpu6050\STM32F446RETX_FLASH.ld" --specs=nosys.specs -Wl,-Map="mpu6050.map" -Wl,--gc-sections -static --specs=nano.specs -mfpu=fpv4-sp-d16 -mfloat-abi=hard -mthumb -Wl,--start-group -lc -lm -Wl,--end-group
Finished building target: mpu6050.elf
 
arm-none-eabi-size   mpu6050.elf 
arm-none-eabi-objdump -h -S  mpu6050.elf  > "mpu6050.list"
   text	   data	    bss	    dec	    hex	filename
  26012	    120	   2336	  28468	   6f34	mpu6050.elf
Finished building: default.size.stdout
 
Finished building: mpu6050.list
 
16:16:36 **** Incremental Build of configuration Debug for project mpu6050 ****
make -j20 all 
arm-none-eabi-size   mpu6050.elf 
   text	   data	    bss	    dec	    hex	filename
  26012	    120	   2336	  28468	   6f34	mpu6050.elf
Finished building: default.size.stdout
 
16:18:06 **** Incremental Build of configuration Debug for project mpu6050 ****
make -j20 all 
arm-none-eabi-size   mpu6050.elf 
   text	   data	    bss	    dec	    hex	filename
  26012	    120	   2336	  28468	   6f34	mpu6050.elf
Finished building: default.size.stdout
 
16:23:59 **** Incremental Build of configuration Debug for project mpu6050 ****
make -j20 all 
arm-none-eabi-gcc "../Core/Src/main.c" -mcpu=cortex-m4 -std=gnu11 -g3 -DDEBUG -DUSE_HAL_DRIVER -DSTM32F446xx -c -I../Core/Inc -I../Drivers/STM32F4xx_HAL_Driver/Inc -I../Drivers/STM32F4xx_HAL_Driver/Inc/Legacy -I../Drivers/CMSIS/Device/ST/STM32F4xx/Include -I../Drivers/CMSIS/Include -O0 -ffunction-sections -fdata-sections -Wall -fstack-usage -fcyclomatic-complexity -MMD -MP -MF"Core/Src/main.d" -MT"Core/Src/main.o" --specs=nano.specs -mfpu=fpv4-sp-d16 -mfloat-abi=hard -mthumb -o "Core/Src/main.o"
arm-none-eabi-gcc -o "mpu6050.elf" @"objects.list"   -mcpu=cortex-m4 -T"C:\Users\biomech\STM32CubeIDE\workspace_1.13.0\mpu6050\mpu6050\STM32F446RETX_FLASH.ld" --specs=nosys.specs -Wl,-Map="mpu6050.map" -Wl,--gc-sections -static --specs=nano.specs -mfpu=fpv4-sp-d16 -mfloat-abi=hard -mthumb -Wl,--start-group -lc -lm -Wl,--end-group
Finished building target: mpu6050.elf
 
arm-none-eabi-size   mpu6050.elf 
arm-none-eabi-objdump -h -S  mpu6050.elf  > "mpu6050.list"
   text	   data	    bss	    dec	    hex	filename
  26012	    120	   2336	  28468	   6f34	mpu6050.elf
Finished building: default.size.stdout
 
Finished building: mpu6050.list
 
16:26:00 **** Incremental Build of configuration Debug for project mpu6050 ****
make -j20 all 
arm-none-eabi-size   mpu6050.elf 
   text	   data	    bss	    dec	    hex	filename
  26012	    120	   2336	  28468	   6f34	mpu6050.elf
Finished building: default.size.stdout
 
16:27:16 **** Incremental Build of configuration Debug for project mpu6050 ****
make -j20 all 
arm-none-eabi-gcc "../Core/Src/main.c" -mcpu=cortex-m4 -std=gnu11 -g3 -DDEBUG -DUSE_HAL_DRIVER -DSTM32F446xx -c -I../Core/Inc -I../Drivers/STM32F4xx_HAL_Driver/Inc -I../Drivers/STM32F4xx_HAL_Driver/Inc/Legacy -I../Drivers/CMSIS/Device/ST/STM32F4xx/Include -I../Drivers/CMSIS/Include -O0 -ffunction-sections -fdata-sections -Wall -fstack-usage -fcyclomatic-complexity -MMD -MP -MF"Core/Src/main.d" -MT"Core/Src/main.o" --specs=nano.specs -mfpu=fpv4-sp-d16 -mfloat-abi=hard -mthumb -o "Core/Src/main.o"
arm-none-eabi-gcc -o "mpu6050.elf" @"objects.list"   -mcpu=cortex-m4 -T"C:\Users\biomech\STM32CubeIDE\workspace_1.13.0\mpu6050\mpu6050\STM32F446RETX_FLASH.ld" --specs=nosys.specs -Wl,-Map="mpu6050.map" -Wl,--gc-sections -static --specs=nano.specs -mfpu=fpv4-sp-d16 -mfloat-abi=hard -mthumb -Wl,--start-group -lc -lm -Wl,--end-group
Finished building target: mpu6050.elf
 
arm-none-eabi-size   mpu6050.elf 
arm-none-eabi-objdump -h -S  mpu6050.elf  > "mpu6050.list"
   text	   data	    bss	    dec	    hex	filename
  26012	    120	   2336	  28468	   6f34	mpu6050.elf
Finished building: default.size.stdout
 
Finished building: mpu6050.list
 
16:30:34 **** Incremental Build of configuration Debug for project mpu6050 ****
make -j20 all 
arm-none-eabi-gcc "../Core/Src/main.c" -mcpu=cortex-m4 -std=gnu11 -g3 -DDEBUG -DUSE_HAL_DRIVER -DSTM32F446xx -c -I../Core/Inc -I../Drivers/STM32F4xx_HAL_Driver/Inc -I../Drivers/STM32F4xx_HAL_Driver/Inc/Legacy -I../Drivers/CMSIS/Device/ST/STM32F4xx/Include -I../Drivers/CMSIS/Include -O0 -ffunction-sections -fdata-sections -Wall -fstack-usage -fcyclomatic-complexity -MMD -MP -MF"Core/Src/main.d" -MT"Core/Src/main.o" --specs=nano.specs -mfpu=fpv4-sp-d16 -mfloat-abi=hard -mthumb -o "Core/Src/main.o"
arm-none-eabi-gcc -o "mpu6050.elf" @"objects.list"   -mcpu=cortex-m4 -T"C:\Users\biomech\STM32CubeIDE\workspace_1.13.0\mpu6050\mpu6050\STM32F446RETX_FLASH.ld" --specs=nosys.specs -Wl,-Map="mpu6050.map" -Wl,--gc-sections -static --specs=nano.specs -mfpu=fpv4-sp-d16 -mfloat-abi=hard -mthumb -Wl,--start-group -lc -lm -Wl,--end-group
Finished building target: mpu6050.elf
 
arm-none-eabi-size   mpu6050.elf 
arm-none-eabi-objdump -h -S  mpu6050.elf  > "mpu6050.list"
   text	   data	    bss	    dec	    hex	filename
  25940	    120	   2320	  28380	   6edc	mpu6050.elf
Finished building: default.size.stdout
 
Finished building: mpu6050.list
 
16:31:27 **** Incremental Build of configuration Debug for project mpu6050 ****
make -j20 all 
arm-none-eabi-gcc "../Core/Src/main.c" -mcpu=cortex-m4 -std=gnu11 -g3 -DDEBUG -DUSE_HAL_DRIVER -DSTM32F446xx -c -I../Core/Inc -I../Drivers/STM32F4xx_HAL_Driver/Inc -I../Drivers/STM32F4xx_HAL_Driver/Inc/Legacy -I../Drivers/CMSIS/Device/ST/STM32F4xx/Include -I../Drivers/CMSIS/Include -O0 -ffunction-sections -fdata-sections -Wall -fstack-usage -fcyclomatic-complexity -MMD -MP -MF"Core/Src/main.d" -MT"Core/Src/main.o" --specs=nano.specs -mfpu=fpv4-sp-d16 -mfloat-abi=hard -mthumb -o "Core/Src/main.o"
arm-none-eabi-gcc -o "mpu6050.elf" @"objects.list"   -mcpu=cortex-m4 -T"C:\Users\biomech\STM32CubeIDE\workspace_1.13.0\mpu6050\mpu6050\STM32F446RETX_FLASH.ld" --specs=nosys.specs -Wl,-Map="mpu6050.map" -Wl,--gc-sections -static --specs=nano.specs -mfpu=fpv4-sp-d16 -mfloat-abi=hard -mthumb -Wl,--start-group -lc -lm -Wl,--end-group
Finished building target: mpu6050.elf
 
arm-none-eabi-size   mpu6050.elf 
arm-none-eabi-objdump -h -S  mpu6050.elf  > "mpu6050.list"
   text	   data	    bss	    dec	    hex	filename
  25940	    120	   2320	  28380	   6edc	mpu6050.elf
Finished building: default.size.stdout
 
Finished building: mpu6050.list
 
16:33:34 **** Incremental Build of configuration Debug for project mpu6050 ****
make -j20 all 
arm-none-eabi-size   mpu6050.elf 
   text	   data	    bss	    dec	    hex	filename
  25940	    120	   2320	  28380	   6edc	mpu6050.elf
Finished building: default.size.stdout
 
16:34:36 **** Incremental Build of configuration Debug for project mpu6050 ****
make -j20 all 
arm-none-eabi-gcc "../Core/Src/main.c" -mcpu=cortex-m4 -std=gnu11 -g3 -DDEBUG -DUSE_HAL_DRIVER -DSTM32F446xx -c -I../Core/Inc -I../Drivers/STM32F4xx_HAL_Driver/Inc -I../Drivers/STM32F4xx_HAL_Driver/Inc/Legacy -I../Drivers/CMSIS/Device/ST/STM32F4xx/Include -I../Drivers/CMSIS/Include -O0 -ffunction-sections -fdata-sections -Wall -fstack-usage -fcyclomatic-complexity -MMD -MP -MF"Core/Src/main.d" -MT"Core/Src/main.o" --specs=nano.specs -mfpu=fpv4-sp-d16 -mfloat-abi=hard -mthumb -o "Core/Src/main.o"
arm-none-eabi-gcc -o "mpu6050.elf" @"objects.list"   -mcpu=cortex-m4 -T"C:\Users\biomech\STM32CubeIDE\workspace_1.13.0\mpu6050\mpu6050\STM32F446RETX_FLASH.ld" --specs=nosys.specs -Wl,-Map="mpu6050.map" -Wl,--gc-sections -static --specs=nano.specs -mfpu=fpv4-sp-d16 -mfloat-abi=hard -mthumb -Wl,--start-group -lc -lm -Wl,--end-group
Finished building target: mpu6050.elf
 
arm-none-eabi-size   mpu6050.elf 
arm-none-eabi-objdump -h -S  mpu6050.elf  > "mpu6050.list"
   text	   data	    bss	    dec	    hex	filename
  26012	    120	   2336	  28468	   6f34	mpu6050.elf
Finished building: default.size.stdout
 
Finished building: mpu6050.list
 
16:36:43 **** Incremental Build of configuration Debug for project mpu6050 ****
make -j20 all 
arm-none-eabi-size   mpu6050.elf 
   text	   data	    bss	    dec	    hex	filename
  26012	    120	   2336	  28468	   6f34	mpu6050.elf
Finished building: default.size.stdout
 
16:38:36 **** Incremental Build of configuration Debug for project mpu6050 ****
make -j20 all 
arm-none-eabi-size   mpu6050.elf 
   text	   data	    bss	    dec	    hex	filename
  26012	    120	   2336	  28468	   6f34	mpu6050.elf
Finished building: default.size.stdout
 
16:39:44 **** Incremental Build of configuration Debug for project mpu6050 ****
make -j20 all 
arm-none-eabi-size   mpu6050.elf 
   text	   data	    bss	    dec	    hex	filename
  26012	    120	   2336	  28468	   6f34	mpu6050.elf
Finished building: default.size.stdout
 
16:41:54 **** Incremental Build of configuration Debug for project mpu6050 ****
make -j20 all 
arm-none-eabi-gcc "../Core/Src/main.c" -mcpu=cortex-m4 -std=gnu11 -g3 -DDEBUG -DUSE_HAL_DRIVER -DSTM32F446xx -c -I../Core/Inc -I../Drivers/STM32F4xx_HAL_Driver/Inc -I../Drivers/STM32F4xx_HAL_Driver/Inc/Legacy -I../Drivers/CMSIS/Device/ST/STM32F4xx/Include -I../Drivers/CMSIS/Include -O0 -ffunction-sections -fdata-sections -Wall -fstack-usage -fcyclomatic-complexity -MMD -MP -MF"Core/Src/main.d" -MT"Core/Src/main.o" --specs=nano.specs -mfpu=fpv4-sp-d16 -mfloat-abi=hard -mthumb -o "Core/Src/main.o"
arm-none-eabi-gcc -o "mpu6050.elf" @"objects.list"   -mcpu=cortex-m4 -T"C:\Users\biomech\STM32CubeIDE\workspace_1.13.0\mpu6050\mpu6050\STM32F446RETX_FLASH.ld" --specs=nosys.specs -Wl,-Map="mpu6050.map" -Wl,--gc-sections -static --specs=nano.specs -mfpu=fpv4-sp-d16 -mfloat-abi=hard -mthumb -Wl,--start-group -lc -lm -Wl,--end-group
Finished building target: mpu6050.elf
 
arm-none-eabi-size   mpu6050.elf 
arm-none-eabi-objdump -h -S  mpu6050.elf  > "mpu6050.list"
   text	   data	    bss	    dec	    hex	filename
  25940	    120	   2320	  28380	   6edc	mpu6050.elf
Finished building: default.size.stdout
 
Finished building: mpu6050.list
 
16:42:23 **** Incremental Build of configuration Debug for project mpu6050 ****
make -j20 all 
arm-none-eabi-gcc "../Core/Src/main.c" -mcpu=cortex-m4 -std=gnu11 -g3 -DDEBUG -DUSE_HAL_DRIVER -DSTM32F446xx -c -I../Core/Inc -I../Drivers/STM32F4xx_HAL_Driver/Inc -I../Drivers/STM32F4xx_HAL_Driver/Inc/Legacy -I../Drivers/CMSIS/Device/ST/STM32F4xx/Include -I../Drivers/CMSIS/Include -O0 -ffunction-sections -fdata-sections -Wall -fstack-usage -fcyclomatic-complexity -MMD -MP -MF"Core/Src/main.d" -MT"Core/Src/main.o" --specs=nano.specs -mfpu=fpv4-sp-d16 -mfloat-abi=hard -mthumb -o "Core/Src/main.o"
arm-none-eabi-gcc -o "mpu6050.elf" @"objects.list"   -mcpu=cortex-m4 -T"C:\Users\biomech\STM32CubeIDE\workspace_1.13.0\mpu6050\mpu6050\STM32F446RETX_FLASH.ld" --specs=nosys.specs -Wl,-Map="mpu6050.map" -Wl,--gc-sections -static --specs=nano.specs -mfpu=fpv4-sp-d16 -mfloat-abi=hard -mthumb -Wl,--start-group -lc -lm -Wl,--end-group
Finished building target: mpu6050.elf
 
arm-none-eabi-size   mpu6050.elf 
arm-none-eabi-objdump -h -S  mpu6050.elf  > "mpu6050.list"
   text	   data	    bss	    dec	    hex	filename
  25940	    120	   2320	  28380	   6edc	mpu6050.elf
Finished building: default.size.stdout
 
Finished building: mpu6050.list
 
16:43:34 **** Incremental Build of configuration Debug for project mpu6050 ****
make -j20 all 
arm-none-eabi-gcc "../Core/Src/main.c" -mcpu=cortex-m4 -std=gnu11 -g3 -DDEBUG -DUSE_HAL_DRIVER -DSTM32F446xx -c -I../Core/Inc -I../Drivers/STM32F4xx_HAL_Driver/Inc -I../Drivers/STM32F4xx_HAL_Driver/Inc/Legacy -I../Drivers/CMSIS/Device/ST/STM32F4xx/Include -I../Drivers/CMSIS/Include -O0 -ffunction-sections -fdata-sections -Wall -fstack-usage -fcyclomatic-complexity -MMD -MP -MF"Core/Src/main.d" -MT"Core/Src/main.o" --specs=nano.specs -mfpu=fpv4-sp-d16 -mfloat-abi=hard -mthumb -o "Core/Src/main.o"
arm-none-eabi-gcc -o "mpu6050.elf" @"objects.list"   -mcpu=cortex-m4 -T"C:\Users\biomech\STM32CubeIDE\workspace_1.13.0\mpu6050\mpu6050\STM32F446RETX_FLASH.ld" --specs=nosys.specs -Wl,-Map="mpu6050.map" -Wl,--gc-sections -static --specs=nano.specs -mfpu=fpv4-sp-d16 -mfloat-abi=hard -mthumb -Wl,--start-group -lc -lm -Wl,--end-group
Finished building target: mpu6050.elf
 
arm-none-eabi-size   mpu6050.elf 
arm-none-eabi-objdump -h -S  mpu6050.elf  > "mpu6050.list"
   text	   data	    bss	    dec	    hex	filename
  25940	    120	   2320	  28380	   6edc	mpu6050.elf
Finished building: default.size.stdout
 
Finished building: mpu6050.list
 
