../Core/Src/main.c:136:6:Read_ADC0	8	static
../Core/Src/main.c:152:6:Read_ADC1	8	static
../Core/Src/main.c:168:6:Read_ADC2	8	static
../Core/Src/main.c:184:6:Read_ADC3	8	static
../Core/Src/main.c:200:6:Read_ADC4	8	static
../Core/Src/main.c:216:6:floatToChar	40	static
../Core/Src/main.c:220:6:MPU6050_Init	32	static
../Core/Src/main.c:276:6:flexAngle	56	static
../Core/Src/main.c:285:6:flexAngleShort	56	static
../Core/Src/main.c:294:6:MPU6050_Init_2	32	static
../Core/Src/main.c:352:6:MPU_6050_Read_Accel	48	static
../Core/Src/main.c:379:7:MPU6050_Read_Gyro	48	static
../Core/Src/main.c:413:6:MPU_6050_Read_Accel_2	48	static
../Core/Src/main.c:439:7:MPU6050_Read_Gyro_2	48	static
../Core/Src/main.c:476:5:main	304	static
../Core/Src/main.c:671:6:SystemClock_Config	88	static
../Core/Src/main.c:722:6:Error_Handler	4	static,ignoring_inline_asm
